---
source: lib/ein/src/compile/passes/mod.rs
expression: "compile_with_types(&Module::from_definitions(vec![ValueDefinition ::\n                                                  new(\"x\", Case ::\n                                                      with_type(argument_union_type\n                                                                . clone(),\n                                                                \"foo\", Boolean\n                                                                ::\n                                                                new(false,\n                                                                    SourceInformation\n                                                                    ::\n                                                                    dummy()),\n                                                                vec !\n                                                                [Alternative\n                                                                 ::\n                                                                 new(types ::\n                                                                     Boolean\n                                                                     ::\n                                                                     new(SourceInformation\n                                                                         ::\n                                                                         dummy()),\n                                                                     Number ::\n                                                                     new(42.0,\n                                                                         SourceInformation\n                                                                         ::\n                                                                         dummy()),),\n                                                                 Alternative\n                                                                 ::\n                                                                 new(types ::\n                                                                     None ::\n                                                                     new(SourceInformation\n                                                                         ::\n                                                                         dummy()),\n                                                                     None ::\n                                                                     new(SourceInformation\n                                                                         ::\n                                                                         dummy()),),],\n                                                                SourceInformation\n                                                                :: dummy(),),\n                                                      result_union_type .\n                                                      clone(),\n                                                      SourceInformation ::\n                                                      dummy(),) . into()]))"
---
Ok(
    Module {
        path: ModulePath {
            package: Package {
                name: "",
                version: "",
            },
            components: [],
        },
        type_definitions: [],
        definitions: [
            ValueDefinition(
                ValueDefinition {
                    name: "x",
                    body: Case(
                        Case {
                            type_: Union(
                                Union {
                                    types: {
                                        Boolean(
                                            Boolean {
                                                source_information: SourceInformation {
                                                    source_name: "",
                                                    location: Location {
                                                        line_number: 0,
                                                        column_number: 0,
                                                    },
                                                    line: "",
                                                },
                                            },
                                        ),
                                        None(
                                            None {
                                                source_information: SourceInformation {
                                                    source_name: "",
                                                    location: Location {
                                                        line_number: 0,
                                                        column_number: 0,
                                                    },
                                                    line: "",
                                                },
                                            },
                                        ),
                                    },
                                    source_information: SourceInformation {
                                        source_name: "",
                                        location: Location {
                                            line_number: 0,
                                            column_number: 0,
                                        },
                                        line: "",
                                    },
                                },
                            ),
                            name: "foo",
                            argument: TypeCoercion(
                                TypeCoercion {
                                    argument: Boolean(
                                        Boolean {
                                            value: false,
                                            source_information: SourceInformation {
                                                source_name: "",
                                                location: Location {
                                                    line_number: 0,
                                                    column_number: 0,
                                                },
                                                line: "",
                                            },
                                        },
                                    ),
                                    from: Boolean(
                                        Boolean {
                                            source_information: SourceInformation {
                                                source_name: "",
                                                location: Location {
                                                    line_number: 0,
                                                    column_number: 0,
                                                },
                                                line: "",
                                            },
                                        },
                                    ),
                                    to: Union(
                                        Union {
                                            types: {
                                                Boolean(
                                                    Boolean {
                                                        source_information: SourceInformation {
                                                            source_name: "",
                                                            location: Location {
                                                                line_number: 0,
                                                                column_number: 0,
                                                            },
                                                            line: "",
                                                        },
                                                    },
                                                ),
                                                None(
                                                    None {
                                                        source_information: SourceInformation {
                                                            source_name: "",
                                                            location: Location {
                                                                line_number: 0,
                                                                column_number: 0,
                                                            },
                                                            line: "",
                                                        },
                                                    },
                                                ),
                                            },
                                            source_information: SourceInformation {
                                                source_name: "",
                                                location: Location {
                                                    line_number: 0,
                                                    column_number: 0,
                                                },
                                                line: "",
                                            },
                                        },
                                    ),
                                    source_information: SourceInformation {
                                        source_name: "",
                                        location: Location {
                                            line_number: 0,
                                            column_number: 0,
                                        },
                                        line: "",
                                    },
                                },
                            ),
                            alternatives: [
                                Alternative {
                                    type_: Boolean(
                                        Boolean {
                                            source_information: SourceInformation {
                                                source_name: "",
                                                location: Location {
                                                    line_number: 0,
                                                    column_number: 0,
                                                },
                                                line: "",
                                            },
                                        },
                                    ),
                                    expression: TypeCoercion(
                                        TypeCoercion {
                                            argument: Number(
                                                Number {
                                                    value: 42.0,
                                                    source_information: SourceInformation {
                                                        source_name: "",
                                                        location: Location {
                                                            line_number: 0,
                                                            column_number: 0,
                                                        },
                                                        line: "",
                                                    },
                                                },
                                            ),
                                            from: Number(
                                                Number {
                                                    source_information: SourceInformation {
                                                        source_name: "",
                                                        location: Location {
                                                            line_number: 0,
                                                            column_number: 0,
                                                        },
                                                        line: "",
                                                    },
                                                },
                                            ),
                                            to: Union(
                                                Union {
                                                    types: {
                                                        None(
                                                            None {
                                                                source_information: SourceInformation {
                                                                    source_name: "",
                                                                    location: Location {
                                                                        line_number: 0,
                                                                        column_number: 0,
                                                                    },
                                                                    line: "",
                                                                },
                                                            },
                                                        ),
                                                        Number(
                                                            Number {
                                                                source_information: SourceInformation {
                                                                    source_name: "",
                                                                    location: Location {
                                                                        line_number: 0,
                                                                        column_number: 0,
                                                                    },
                                                                    line: "",
                                                                },
                                                            },
                                                        ),
                                                    },
                                                    source_information: SourceInformation {
                                                        source_name: "",
                                                        location: Location {
                                                            line_number: 0,
                                                            column_number: 0,
                                                        },
                                                        line: "",
                                                    },
                                                },
                                            ),
                                            source_information: SourceInformation {
                                                source_name: "",
                                                location: Location {
                                                    line_number: 0,
                                                    column_number: 0,
                                                },
                                                line: "",
                                            },
                                        },
                                    ),
                                },
                                Alternative {
                                    type_: None(
                                        None {
                                            source_information: SourceInformation {
                                                source_name: "",
                                                location: Location {
                                                    line_number: 0,
                                                    column_number: 0,
                                                },
                                                line: "",
                                            },
                                        },
                                    ),
                                    expression: TypeCoercion(
                                        TypeCoercion {
                                            argument: None(
                                                None {
                                                    source_information: SourceInformation {
                                                        source_name: "",
                                                        location: Location {
                                                            line_number: 0,
                                                            column_number: 0,
                                                        },
                                                        line: "",
                                                    },
                                                },
                                            ),
                                            from: None(
                                                None {
                                                    source_information: SourceInformation {
                                                        source_name: "",
                                                        location: Location {
                                                            line_number: 0,
                                                            column_number: 0,
                                                        },
                                                        line: "",
                                                    },
                                                },
                                            ),
                                            to: Union(
                                                Union {
                                                    types: {
                                                        None(
                                                            None {
                                                                source_information: SourceInformation {
                                                                    source_name: "",
                                                                    location: Location {
                                                                        line_number: 0,
                                                                        column_number: 0,
                                                                    },
                                                                    line: "",
                                                                },
                                                            },
                                                        ),
                                                        Number(
                                                            Number {
                                                                source_information: SourceInformation {
                                                                    source_name: "",
                                                                    location: Location {
                                                                        line_number: 0,
                                                                        column_number: 0,
                                                                    },
                                                                    line: "",
                                                                },
                                                            },
                                                        ),
                                                    },
                                                    source_information: SourceInformation {
                                                        source_name: "",
                                                        location: Location {
                                                            line_number: 0,
                                                            column_number: 0,
                                                        },
                                                        line: "",
                                                    },
                                                },
                                            ),
                                            source_information: SourceInformation {
                                                source_name: "",
                                                location: Location {
                                                    line_number: 0,
                                                    column_number: 0,
                                                },
                                                line: "",
                                            },
                                        },
                                    ),
                                },
                            ],
                            source_information: SourceInformation {
                                source_name: "",
                                location: Location {
                                    line_number: 0,
                                    column_number: 0,
                                },
                                line: "",
                            },
                        },
                    ),
                    type_: Union(
                        Union {
                            types: {
                                None(
                                    None {
                                        source_information: SourceInformation {
                                            source_name: "",
                                            location: Location {
                                                line_number: 0,
                                                column_number: 0,
                                            },
                                            line: "",
                                        },
                                    },
                                ),
                                Number(
                                    Number {
                                        source_information: SourceInformation {
                                            source_name: "",
                                            location: Location {
                                                line_number: 0,
                                                column_number: 0,
                                            },
                                            line: "",
                                        },
                                    },
                                ),
                            },
                            source_information: SourceInformation {
                                source_name: "",
                                location: Location {
                                    line_number: 0,
                                    column_number: 0,
                                },
                                line: "",
                            },
                        },
                    ),
                    source_information: SourceInformation {
                        source_name: "",
                        location: Location {
                            line_number: 0,
                            column_number: 0,
                        },
                        line: "",
                    },
                },
            ),
        ],
        export: Export {
            names: {},
        },
        imports: [],
    },
)
