---
source: lib/lang/src/compile/type_inference/mod.rs
expression: "infer_types(&Module::from_definitions(vec![VariableDefinition ::\n                                           new(\"x\", Number ::\n                                               new(42.0, SourceInformation ::\n                                                   dummy()), types :: Any ::\n                                               new(SourceInformation ::\n                                                   dummy(),),\n                                               SourceInformation :: dummy(),)\n                                           . into(), VariableDefinition ::\n                                           new(\"y\", Let ::\n                                               new(vec !\n                                                   [VariableDefinition ::\n                                                    new(\"z\", If ::\n                                                        new(Boolean ::\n                                                            new(true,\n                                                                SourceInformation\n                                                                :: dummy()),\n                                                            Variable ::\n                                                            new(\"x\",\n                                                                SourceInformation\n                                                                :: dummy()),\n                                                            Number ::\n                                                            new(42.0,\n                                                                SourceInformation\n                                                                :: dummy()),\n                                                            SourceInformation\n                                                            :: dummy()), types\n                                                        :: Unknown ::\n                                                        new(SourceInformation\n                                                            :: dummy()),\n                                                        SourceInformation ::\n                                                        dummy(),)], Number ::\n                                                   new(42.0, SourceInformation\n                                                       :: dummy()),\n                                                   SourceInformation ::\n                                                   dummy(),), types :: Number\n                                               ::\n                                               new(SourceInformation ::\n                                                   dummy()), SourceInformation\n                                               :: dummy(),) . into()]))"

---
Ok(
    Module {
        path: ModulePath {
            package: Package {
                name: "",
                version: "",
            },
            components: [],
        },
        type_definitions: [],
        definitions: [
            VariableDefinition(
                VariableDefinition {
                    name: "x",
                    body: Number(
                        Number {
                            value: 42.0,
                            source_information: SourceInformation {
                                source_name: "",
                                location: Location {
                                    line_number: 0,
                                    column_number: 0,
                                },
                                line: "",
                            },
                        },
                    ),
                    type_: Any(
                        Any {
                            source_information: SourceInformation {
                                source_name: "",
                                location: Location {
                                    line_number: 0,
                                    column_number: 0,
                                },
                                line: "",
                            },
                        },
                    ),
                    source_information: SourceInformation {
                        source_name: "",
                        location: Location {
                            line_number: 0,
                            column_number: 0,
                        },
                        line: "",
                    },
                },
            ),
            VariableDefinition(
                VariableDefinition {
                    name: "y",
                    body: Let(
                        Let {
                            definitions: [
                                VariableDefinition {
                                    name: "z",
                                    body: If(
                                        If {
                                            condition: Boolean(
                                                Boolean {
                                                    value: true,
                                                    source_information: SourceInformation {
                                                        source_name: "",
                                                        location: Location {
                                                            line_number: 0,
                                                            column_number: 0,
                                                        },
                                                        line: "",
                                                    },
                                                },
                                            ),
                                            then: Variable(
                                                Variable {
                                                    name: "x",
                                                    source_information: SourceInformation {
                                                        source_name: "",
                                                        location: Location {
                                                            line_number: 0,
                                                            column_number: 0,
                                                        },
                                                        line: "",
                                                    },
                                                },
                                            ),
                                            else_: Number(
                                                Number {
                                                    value: 42.0,
                                                    source_information: SourceInformation {
                                                        source_name: "",
                                                        location: Location {
                                                            line_number: 0,
                                                            column_number: 0,
                                                        },
                                                        line: "",
                                                    },
                                                },
                                            ),
                                            source_information: SourceInformation {
                                                source_name: "",
                                                location: Location {
                                                    line_number: 0,
                                                    column_number: 0,
                                                },
                                                line: "",
                                            },
                                        },
                                    ),
                                    type_: Any(
                                        Any {
                                            source_information: SourceInformation {
                                                source_name: "",
                                                location: Location {
                                                    line_number: 0,
                                                    column_number: 0,
                                                },
                                                line: "",
                                            },
                                        },
                                    ),
                                    source_information: SourceInformation {
                                        source_name: "",
                                        location: Location {
                                            line_number: 0,
                                            column_number: 0,
                                        },
                                        line: "",
                                    },
                                },
                            ],
                            expression: Number(
                                Number {
                                    value: 42.0,
                                    source_information: SourceInformation {
                                        source_name: "",
                                        location: Location {
                                            line_number: 0,
                                            column_number: 0,
                                        },
                                        line: "",
                                    },
                                },
                            ),
                            source_information: SourceInformation {
                                source_name: "",
                                location: Location {
                                    line_number: 0,
                                    column_number: 0,
                                },
                                line: "",
                            },
                        },
                    ),
                    type_: Number(
                        Number {
                            source_information: SourceInformation {
                                source_name: "",
                                location: Location {
                                    line_number: 0,
                                    column_number: 0,
                                },
                                line: "",
                            },
                        },
                    ),
                    source_information: SourceInformation {
                        source_name: "",
                        location: Location {
                            line_number: 0,
                            column_number: 0,
                        },
                        line: "",
                    },
                },
            ),
        ],
        export: Export {
            names: {},
        },
        export_foreign: ExportForeign {
            names: {},
        },
        imports: [],
        import_foreigns: [],
    },
)
