---
source: lib/lang/src/compile/type_inference/type_inferrer.rs
expression: infer_types(&module)
---
Ok(
    Module {
        path: ModulePath {
            package: Package {
                name: "",
                version: "",
            },
            components: [],
        },
        type_definitions: [
            TypeDefinition {
                name: "Foo",
                type_: Function(
                    Function {
                        argument: Reference(
                            Reference {
                                name: "Foo",
                                source_information: SourceInformation {
                                    source_name: "",
                                    location: Location {
                                        line_number: 0,
                                        column_number: 0,
                                    },
                                    line: "",
                                },
                            },
                        ),
                        result: Number(
                            Number {
                                source_information: SourceInformation {
                                    source_name: "",
                                    location: Location {
                                        line_number: 0,
                                        column_number: 0,
                                    },
                                    line: "",
                                },
                            },
                        ),
                        source_information: SourceInformation {
                            source_name: "",
                            location: Location {
                                line_number: 0,
                                column_number: 0,
                            },
                            line: "",
                        },
                    },
                ),
            },
        ],
        definitions: [
            FunctionDefinition(
                FunctionDefinition {
                    name: "f",
                    arguments: [
                        "g",
                    ],
                    body: Number(
                        Number {
                            value: 42.0,
                            source_information: SourceInformation {
                                source_name: "",
                                location: Location {
                                    line_number: 0,
                                    column_number: 0,
                                },
                                line: "",
                            },
                        },
                    ),
                    type_: Reference(
                        Reference {
                            name: "Foo",
                            source_information: SourceInformation {
                                source_name: "",
                                location: Location {
                                    line_number: 0,
                                    column_number: 0,
                                },
                                line: "",
                            },
                        },
                    ),
                    source_information: SourceInformation {
                        source_name: "",
                        location: Location {
                            line_number: 0,
                            column_number: 0,
                        },
                        line: "",
                    },
                },
            ),
            VariableDefinition(
                VariableDefinition {
                    name: "x",
                    body: Application(
                        Application {
                            function: Variable(
                                Variable {
                                    name: "f",
                                    source_information: SourceInformation {
                                        source_name: "",
                                        location: Location {
                                            line_number: 0,
                                            column_number: 0,
                                        },
                                        line: "",
                                    },
                                },
                            ),
                            argument: Variable(
                                Variable {
                                    name: "f",
                                    source_information: SourceInformation {
                                        source_name: "",
                                        location: Location {
                                            line_number: 0,
                                            column_number: 0,
                                        },
                                        line: "",
                                    },
                                },
                            ),
                            source_information: SourceInformation {
                                source_name: "",
                                location: Location {
                                    line_number: 0,
                                    column_number: 0,
                                },
                                line: "",
                            },
                        },
                    ),
                    type_: Number(
                        Number {
                            source_information: SourceInformation {
                                source_name: "",
                                location: Location {
                                    line_number: 0,
                                    column_number: 0,
                                },
                                line: "",
                            },
                        },
                    ),
                    source_information: SourceInformation {
                        source_name: "",
                        location: Location {
                            line_number: 0,
                            column_number: 0,
                        },
                        line: "",
                    },
                },
            ),
        ],
        export: Export {
            names: {},
        },
        imports: [],
    },
)
