---
source: lib/lang/src/compile/type_inference/mod.rs
expression: infer_types(&module)

---
Err(
    TypesNotMatched(
        SourceInformation {
            source_name: "",
            location: Location {
                line_number: 0,
                column_number: 0,
            },
            line: "",
        },
        SourceInformation {
            source_name: "",
            location: Location {
                line_number: 0,
                column_number: 0,
            },
            line: "",
        },
    ),
)
