---
source: lib/lang/src/compile/type_inference/mod.rs
expression: "infer_types(&Module::from_definitions(vec![VariableDefinition ::\n                                           new(\"x\", None ::\n                                               new(SourceInformation ::\n                                                   dummy()), types :: Any ::\n                                               new(SourceInformation ::\n                                                   dummy()), SourceInformation\n                                               :: dummy(),) . into(),\n                                           VariableDefinition ::\n                                           new(\"y\", Case ::\n                                               new(\"x\", Variable ::\n                                                   new(\"x\", SourceInformation\n                                                       :: dummy()), vec !\n                                                   [Alternative ::\n                                                    new(types :: Number ::\n                                                        new(SourceInformation\n                                                            :: dummy()), None\n                                                        ::\n                                                        new(SourceInformation\n                                                            :: dummy()),)],\n                                                   SourceInformation ::\n                                                   dummy()), types :: None ::\n                                               new(SourceInformation ::\n                                                   dummy()), SourceInformation\n                                               :: dummy(),) . into()]))"

---
Err(
    TypesNotMatched(
        SourceInformation {
            source_name: "",
            location: Location {
                line_number: 0,
                column_number: 0,
            },
            line: "",
        },
        SourceInformation {
            source_name: "",
            location: Location {
                line_number: 0,
                column_number: 0,
            },
            line: "",
        },
    ),
)
