---
source: lib/lang/src/compile/type_inference/mod.rs
expression: infer_types(&module)

---
Ok(
    Module {
        path: ModulePath {
            package: Package {
                name: "",
                version: "",
            },
            components: [],
        },
        type_definitions: [
            TypeDefinition {
                name: "Foo",
                type_: Number(
                    Number {
                        source_information: SourceInformation {
                            source_name: "",
                            location: Location {
                                line_number: 0,
                                column_number: 0,
                            },
                            line: "",
                        },
                    },
                ),
            },
        ],
        definitions: [
            VariableDefinition(
                VariableDefinition {
                    name: "x",
                    body: Number(
                        Number {
                            value: 42.0,
                            source_information: SourceInformation {
                                source_name: "",
                                location: Location {
                                    line_number: 0,
                                    column_number: 0,
                                },
                                line: "",
                            },
                        },
                    ),
                    type_: Reference(
                        Reference {
                            name: "Foo",
                            source_information: SourceInformation {
                                source_name: "",
                                location: Location {
                                    line_number: 0,
                                    column_number: 0,
                                },
                                line: "",
                            },
                        },
                    ),
                    source_information: SourceInformation {
                        source_name: "",
                        location: Location {
                            line_number: 0,
                            column_number: 0,
                        },
                        line: "",
                    },
                },
            ),
        ],
        export: Export {
            names: {},
        },
        export_foreign: ExportForeign {
            names: {},
        },
        imports: [],
        import_foreigns: [],
    },
)
