---
source: lib/ein/src/compile/transform/mod.rs
expression: "transform_with_types(&Module::from_definitions_and_type_definitions(vec![TypeDefinition\n                                                                         ::\n                                                                         new(\"Foo\",\n                                                                             types\n                                                                             ::\n                                                                             Record\n                                                                             ::\n                                                                             new(\"Foo\",\n                                                                                 vec\n                                                                                 !\n                                                                                 [(\"foo\"\n                                                                                   .\n                                                                                   into(),\n                                                                                   union_type\n                                                                                   .\n                                                                                   into())]\n                                                                                 .\n                                                                                 into_iter()\n                                                                                 .\n                                                                                 collect(),\n                                                                                 SourceInformation\n                                                                                 ::\n                                                                                 dummy(),))],\n                                                                    vec![VariableDefinition\n                                                                         ::\n                                                                         new(\"x\",\n                                                                             RecordConstruction\n                                                                             ::\n                                                                             new(reference_type\n                                                                                 .\n                                                                                 clone(),\n                                                                                 vec\n                                                                                 !\n                                                                                 [(\"foo\"\n                                                                                   .\n                                                                                   into(),\n                                                                                   Number\n                                                                                   ::\n                                                                                   new(42.0,\n                                                                                       SourceInformation\n                                                                                       ::\n                                                                                       dummy())\n                                                                                   .\n                                                                                   into())]\n                                                                                 .\n                                                                                 into_iter()\n                                                                                 .\n                                                                                 collect(),\n                                                                                 SourceInformation\n                                                                                 ::\n                                                                                 dummy(),),\n                                                                             reference_type,\n                                                                             SourceInformation\n                                                                             ::\n                                                                             dummy(),)\n                                                                         .\n                                                                         into()]))"
---
Ok(
    Module {
        path: ModulePath {
            package: Package {
                name: "",
                version: "",
            },
            components: [],
        },
        type_definitions: [
            TypeDefinition {
                name: "Foo",
                type_: Record(
                    Record {
                        name: "Foo",
                        elements: {
                            "foo": Union(
                                Union {
                                    types: {
                                        None(
                                            None {
                                                source_information: SourceInformation {
                                                    source_name: "",
                                                    location: Location {
                                                        line_number: 0,
                                                        column_number: 0,
                                                    },
                                                    line: "",
                                                },
                                            },
                                        ),
                                        Number(
                                            Number {
                                                source_information: SourceInformation {
                                                    source_name: "",
                                                    location: Location {
                                                        line_number: 0,
                                                        column_number: 0,
                                                    },
                                                    line: "",
                                                },
                                            },
                                        ),
                                    },
                                    source_information: SourceInformation {
                                        source_name: "",
                                        location: Location {
                                            line_number: 0,
                                            column_number: 0,
                                        },
                                        line: "",
                                    },
                                },
                            ),
                        },
                        source_information: SourceInformation {
                            source_name: "",
                            location: Location {
                                line_number: 0,
                                column_number: 0,
                            },
                            line: "",
                        },
                    },
                ),
            },
        ],
        definitions: [
            VariableDefinition(
                VariableDefinition {
                    name: "x",
                    body: RecordConstruction(
                        RecordConstruction {
                            type_: Reference(
                                Reference {
                                    name: "Foo",
                                    source_information: SourceInformation {
                                        source_name: "",
                                        location: Location {
                                            line_number: 0,
                                            column_number: 0,
                                        },
                                        line: "",
                                    },
                                },
                            ),
                            elements: {
                                "foo": TypeCoercion(
                                    TypeCoercion {
                                        argument: Number(
                                            Number {
                                                value: 42.0,
                                                source_information: SourceInformation {
                                                    source_name: "",
                                                    location: Location {
                                                        line_number: 0,
                                                        column_number: 0,
                                                    },
                                                    line: "",
                                                },
                                            },
                                        ),
                                        from: Number(
                                            Number {
                                                source_information: SourceInformation {
                                                    source_name: "",
                                                    location: Location {
                                                        line_number: 0,
                                                        column_number: 0,
                                                    },
                                                    line: "",
                                                },
                                            },
                                        ),
                                        to: Union(
                                            Union {
                                                types: {
                                                    None(
                                                        None {
                                                            source_information: SourceInformation {
                                                                source_name: "",
                                                                location: Location {
                                                                    line_number: 0,
                                                                    column_number: 0,
                                                                },
                                                                line: "",
                                                            },
                                                        },
                                                    ),
                                                    Number(
                                                        Number {
                                                            source_information: SourceInformation {
                                                                source_name: "",
                                                                location: Location {
                                                                    line_number: 0,
                                                                    column_number: 0,
                                                                },
                                                                line: "",
                                                            },
                                                        },
                                                    ),
                                                },
                                                source_information: SourceInformation {
                                                    source_name: "",
                                                    location: Location {
                                                        line_number: 0,
                                                        column_number: 0,
                                                    },
                                                    line: "",
                                                },
                                            },
                                        ),
                                        source_information: SourceInformation {
                                            source_name: "",
                                            location: Location {
                                                line_number: 0,
                                                column_number: 0,
                                            },
                                            line: "",
                                        },
                                    },
                                ),
                            },
                            source_information: SourceInformation {
                                source_name: "",
                                location: Location {
                                    line_number: 0,
                                    column_number: 0,
                                },
                                line: "",
                            },
                        },
                    ),
                    type_: Reference(
                        Reference {
                            name: "Foo",
                            source_information: SourceInformation {
                                source_name: "",
                                location: Location {
                                    line_number: 0,
                                    column_number: 0,
                                },
                                line: "",
                            },
                        },
                    ),
                    source_information: SourceInformation {
                        source_name: "",
                        location: Location {
                            line_number: 0,
                            column_number: 0,
                        },
                        line: "",
                    },
                },
            ),
        ],
        export: Export {
            names: {},
        },
        imports: [],
        ffi_imports: [],
    },
)
